minishell> exit 999999999999999
LA VALEUR : -1530494977
LA VALEUR APRES : 255

